[www.ranierespeaks.com/index.html]
[backblue.gif]
[fade.gif]
[index.html]
[images.squarespace-cdn.com/content/v1/5f8b59649453d840fef3dddc/1603606721162-ZO5RSJS5NS99ESR2KSJ5/faviconfc89.jpg]
[images.squarespace-cdn.com/content/5f8b59649453d840fef3dddc/1614973362673-W4HIOWW7LJA9KMBFYMLZ/photo_2021-03-05+14.35.58ee8a.jpg]
[assets.squarespace.com/@sqs/polyfiller/1.6/legacy.js]
[use.typekit.net/ik/DKEdzaM4uSoLCB2koZlEguhis977ff6i_Dgd6kg8HZIfeGGIfFHN4UJLFRbh52jhWDmc5eJu5QjX5QbuwhbtF2gcZAjDZesqjU7YMkG0jAFu-WsoShFGZAsude80ZkoRdhXCHKoyjamTiY8Djhy8ZYmC-Ao1Oco8if37OcBDOcu8OfG0ScB0-AmkZWF3ZABnSk]
[assets.squarespace.com/@sqs/polyfiller/1.6/modern.js]
[assets.squarespace.com/universal/scripts-compressed/extract-css-runtime-73734b867834cde3-min.en-US.js]
[assets.squarespace.com/universal/scripts-compressed/cldr-resource-pack-df5ccf33ff79f35b-min.en-US.js]
[assets.squarespace.com/universal/scripts-compressed/extract-css-moment-js-vendor-088ec0120fdbcfed-min.en-US.js]
[assets.squarespace.com/universal/scripts-compressed/performance-d4bf626f4e6e1501-min.en-US.js]
[assets.squarespace.com/universal/scripts-compressed/common-vendors-stable-54bab8bb8a15366b-min.en-US.js]
[assets.squarespace.com/universal/scripts-compressed/common-vendors-6e74a2a97d17c5e3-min.en-US.js]
[assets.squarespace.com/universal/scripts-compressed/common-32374f54dbd3c35f-min.en-US.js]
[static1.squarespace.com/static/versioned-site-css/5f8b59649453d840fef3dddc/51/5c5a519771c10ba3470d8101/5f8b59689453d840fef3ddfa/1648/site.css]
[definitions.sqspcdn.com/website-component-definition/static-assets/website.components.spacer/1ab24abb-f147-44f7-a875-b9b08e2e1ddc_32/website.components.spacer.visitor.js]
[static1.squarespace.com/static/vta/5c5a519771c10ba3470d8101/versioned-assets/1749578172414-BR2HRM5QY85P3RNH0UVV/static.css]
[www.ranierespeaks.com/cart.html]
[www.w3.org/2000/svg.html]
[www.w3.org/2000/symbol]
[images.squarespace-cdn.com/content/v1/5f8b59649453d840fef3dddc/1618512518714-FKM0TMDE3E0SFR7WNYE6/Raniere+Speaks+-+Logo26f7.png]
[www.ranierespeaks.com/essays.html]
[www.ranierespeaks.com/about.html]
[www.ranierespeaks.com/contact.html]
[images.squarespace-cdn.com/content/v1/5f8b59649453d840fef3dddc/59ad497c-ea96-4da9-bb05-0543e722b3c2/Keith+Raniere.jpg]
[www.ranierespeaks.com/essays/the-worst-crime-of-all.html]
[www.ranierespeaks.com/essays/my-codefendants-and-their-pleas.html]
[www.ranierespeaks.com/essays/op-ed.html]
[dl.dropboxusercontent.com/scl/fi/g7xcbcpsce5afnqj8j67n/001_Freestyle_Stereo.mp3_; filename_=UTF-8''001_Freestyle_Stereo99d3.mp3]
[dl.dropboxusercontent.com/scl/fi/24v3hcgrv3o6pfdfyaqbc/002_Why_Now_Stereo.mp3_; filename_=UTF-8''002_Why_Now_Stereo1642.mp3]
[dl.dropboxusercontent.com/scl/fi/8x5h6i020ub2d3tidy2uv/003_Expanding_on_Hitler_Stereo.mp3_; filename_=UTF-8''003_Expanding_on_Hitler_Stereo4fcf.mp3]
[dl.dropboxusercontent.com/scl/fi/pcs2ad5um03ex5gznxdvm/004_Prosecutors_Winning_Stereo.mp3_; filename_=UTF-8''004_Prosecutors_Winning_Stereob11f.mp3]
[dl.dropboxusercontent.com/scl/fi/aprtrhfs3wht8lofuxf3g/005_More_on_Prejudice_Stereo.mp3_; filename_=UTF-8''005_More_on_Prejudice_Stereodd3a.mp3]
[dl.dropboxusercontent.com/scl/fi/t7njxgwfv0e10gjf5zs4r/006_v3_Forced_Labor.mp3_; filename_=UTF-8''006_v3_Forced_Laborddc6.mp3]
[dl.dropboxusercontent.com/scl/fi/skpgbfffmugmn52tw7rep/007_Truth_Lies_Exaggeration.mp3_; filename_=UTF-8''007_Truth_Lies_Exaggeration9848.mp3]
[dl.dropboxusercontent.com/scl/fi/fjxv9yyrgahg7lz8vvlw5/008_Dr_Jekyll_Mr_Hyde.mp3_; filename_=UTF-8''008_Dr_Jekyll_Mr_Hyde73fc.mp3]
[dl.dropboxusercontent.com/scl/fi/o2aju7sj186a8snzsuit3/0010_More_On_The_Bail.mp3_; filename_=UTF-8''0010_More_On_The_Bail3b5b.mp3]
[dl.dropboxusercontent.com/scl/fi/hveyphb39i7r54g7057m9/0011_Tip_of_Iceberg.mp3_; filename_=UTF-8''0011_Tip_of_Iceberg18e7.mp3]
[www.youtube.com/ranierespeaks.29.delayed]
[www.instagram.com/ranierespeaks/index.html]
[www.ranierespeaks.com/index.html]
[images.squarespace-cdn.com/index.html]
[use.typekit.net/index.html]
[p.typekit.net/index.html]
[static1.squarespace.com/static/versioned-site-css/5f8b59649453d840fef3dddc/51/5c5a519771c10ba3470d8101/5f8b59689453d840fef3ddfa/1648/site.css]
[definitions.sqspcdn.com/website-component-definition/static-assets/website.components.spacer/1ab24abb-f147-44f7-a875-b9b08e2e1ddc_32/website.components.spacer.styles.css]
[static1.squarespace.com/static/vta/5c5a519771c10ba3470d8101/versioned-assets/1749578172414-BR2HRM5QY85P3RNH0UVV/static.css]
[www.ranierespeaks.com/cart.html]
[www.w3.org/2000/svg.html]
[www.w3.org/2000/symbol.html]
[static1.squarespace.com/static/vta/5c5a519771c10ba3470d8101/scripts/site-bundle.3211cb10ca836d332f8a257681734318.js]
[www.ranierespeaks.com/essaysa409]
[www.ranierespeaks.com/essays.html]
[www.ranierespeaks.com/about.html]
[www.ranierespeaks.com/contact.html]
[www.ranierespeaks.com/essays13e5.html]
[www.ranierespeaks.com/essays/the-worst-crime-of-all.html]
[www.ranierespeaks.com/essays/my-codefendants-and-their-pleas.html]
[www.ranierespeaks.com/essays/op-ed.html]
[www.instagram.com/ranierespeaks/android-app_/com.instagram.android/https/instagram.com/_u/ranierespeaks/index.html]
[www.instagram.com/ranierespeaks/theaustralian.com.au/index.html]
[www.instagram.com/ranierespeaks/news.com.au/index.html]
[www.instagram.com/ranierespeaks/kollosche.com.au/index.html]
[www.instagram.com/ranierespeaks/awstrack.me/index.html]
[www.instagram.com/ranierespeaks/B40hPU/index.html]
[www.instagram.com/ranierespeaks/1YcKeK/index.html]
[www.instagram.com/ranierespeaks/d0pXej/index.html]
[www.instagram.com/ranierespeaks/a6wZSt/index.html]
[www.instagram.com/ranierespeaks/8O17rO/index.html]
[www.instagram.com/ranierespeaks/index.html]
[www.youtube.com/ranierespeaks.html]
[www.ranierespeaks.com/essays13e5.html]
[www.instagram.com/ranierespeaks/android-app_/com.instagram.android/https/instagram.com/_u/ranierespeaks/index.html]
[www.instagram.com/ranierespeaks/theaustralian.com.au/index.html]
[www.instagram.com/ranierespeaks/news.com.au/index.html]
[www.instagram.com/ranierespeaks/kollosche.com.au/index.html]
[www.instagram.com/ranierespeaks/awstrack.me/index.html]
[www.instagram.com/ranierespeaks/B40hPU/index.html]
[www.instagram.com/ranierespeaks/1YcKeK/index.html]
[www.instagram.com/ranierespeaks/d0pXej/index.html]
[www.instagram.com/ranierespeaks/a6wZSt/index.html]
[www.instagram.com/ranierespeaks/8O17rO/index.html]
[www.instagram.com/ranierespeaks/9nEeAW/index.html]
[www.instagram.com/ranierespeaks/9nEeAW/index.html]
[www.instagram.com/ranierespeaks/uwnqQm/index.html]
[www.instagram.com/ranierespeaks/uwnqQm/index.html]
[twitter.com/ranierepodcast]
